[2026-09-20 14:22:31,528][plan][INFO] - Planning result saved dir: D:\EV-TTT\adajepa_official_51d8665\artifacts\reframe_v3\qualification\predictor_off\hydra
[2026-09-20 14:22:32,540][dinov2][INFO] - using MLP layer as FFN
[2026-09-20 14:22:32,854][models.dino][WARNING] - Unknown projector 'none' for patch tokens; proceeding without projector.
[2026-09-20 14:22:33,213][models.visual_world_model][INFO] - num_action_repeat: 1
[2026-09-20 14:22:33,213][models.visual_world_model][INFO] - num_proprio_repeat: 1
[2026-09-20 14:22:33,213][models.visual_world_model][INFO] - proprio encoder: ProprioceptiveEmbedding(
  (patch_embed): Conv1d(4, 10, kernel_size=(1,), stride=(1,))
  (norm): LayerNorm((10,), eps=1e-05, elementwise_affine=True)
)
[2026-09-20 14:22:33,213][models.visual_world_model][INFO] - action encoder: ProprioceptiveEmbedding(
  (patch_embed): Conv1d(10, 10, kernel_size=(1,), stride=(1,))
  (norm): LayerNorm((10,), eps=1e-05, elementwise_affine=True)
)
[2026-09-20 14:22:33,213][models.visual_world_model][INFO] - proprio_dim: 10, after repeat: 10
[2026-09-20 14:22:33,213][models.visual_world_model][INFO] - action_dim: 10, after repeat: 10
[2026-09-20 14:22:33,213][models.visual_world_model][INFO] - emb_dim: 404
[2026-09-20 14:22:33,213][models.visual_world_model][INFO] - Straightening disabled
[2026-09-20 14:22:33,213][models.visual_world_model][INFO] - Stop-grad enabled: True
[2026-09-20 14:22:33,214][models.visual_world_model][INFO] - VCReg enabled: False, apply_to=enc, std_coeff=0.0, cov_coeff=0.0
[2026-09-20 14:22:33,214][models.visual_world_model][INFO] - Model emb_dim: 404
[2026-09-20 14:22:35,259][planning.adajepa][INFO] - AdaJEPA predictor adaptation restricted to last transformer layer (13 tensors).
[2026-09-20 14:22:39,368][planning.adajepa][INFO] - AdaJEPA step 1/1  pred_loss=0.006579
[2026-09-20 14:22:43,173][planning.adajepa][INFO] - AdaJEPA step 1/1  pred_loss=0.005650
