[2026-09-19 20:51:49,416][__main__][INFO] - Planning result saved dir: D:\EV-TTT\adajepa_official_51d8665\artifacts\baseline\full_max_iter20
[2026-09-19 20:51:51,950][dinov2][INFO] - using MLP layer as FFN
[2026-09-19 20:51:52,245][models.dino][WARNING] - Unknown projector 'none' for patch tokens; proceeding without projector.
[2026-09-19 20:51:52,578][models.visual_world_model][INFO] - num_action_repeat: 1
[2026-09-19 20:51:52,578][models.visual_world_model][INFO] - num_proprio_repeat: 1
[2026-09-19 20:51:52,579][models.visual_world_model][INFO] - proprio encoder: ProprioceptiveEmbedding(
  (patch_embed): Conv1d(4, 10, kernel_size=(1,), stride=(1,))
  (norm): LayerNorm((10,), eps=1e-05, elementwise_affine=True)
)
[2026-09-19 20:51:52,579][models.visual_world_model][INFO] - action encoder: ProprioceptiveEmbedding(
  (patch_embed): Conv1d(10, 10, kernel_size=(1,), stride=(1,))
  (norm): LayerNorm((10,), eps=1e-05, elementwise_affine=True)
)
[2026-09-19 20:51:52,579][models.visual_world_model][INFO] - proprio_dim: 10, after repeat: 10
[2026-09-19 20:51:52,579][models.visual_world_model][INFO] - action_dim: 10, after repeat: 10
[2026-09-19 20:51:52,579][models.visual_world_model][INFO] - emb_dim: 404
[2026-09-19 20:51:52,579][models.visual_world_model][INFO] - Straightening disabled
[2026-09-19 20:51:52,579][models.visual_world_model][INFO] - Stop-grad enabled: True
[2026-09-19 20:51:52,580][models.visual_world_model][INFO] - VCReg enabled: False, apply_to=enc, std_coeff=0.0, cov_coeff=0.0
[2026-09-19 20:51:52,580][models.visual_world_model][INFO] - Model emb_dim: 404
[2026-09-19 20:51:56,133][planning.adajepa][INFO] - AdaJEPA predictor adaptation restricted to last transformer layer (13 tensors).
[2026-09-19 20:51:56,133][planning.adajepa][INFO] - AdaJEPA encoder adaptation restricted to last submodule 'projection' (6 tensors).
[2026-09-19 20:52:00,499][planning.adajepa][INFO] - AdaJEPA optimizer: predictor_lr=5.00e-04  encoder_lr=1.00e-05
[2026-09-19 20:52:00,612][planning.adajepa][INFO] - AdaJEPA step 1/1  pred_loss=0.006579
[2026-09-19 20:52:04,498][planning.adajepa][INFO] - AdaJEPA optimizer: predictor_lr=5.00e-04  encoder_lr=1.00e-05
[2026-09-19 20:52:04,589][planning.adajepa][INFO] - AdaJEPA step 1/1  pred_loss=0.006152
[2026-09-19 20:52:08,478][planning.adajepa][INFO] - AdaJEPA optimizer: predictor_lr=5.00e-04  encoder_lr=1.00e-05
[2026-09-19 20:52:08,577][planning.adajepa][INFO] - AdaJEPA step 1/1  pred_loss=0.007297
[2026-09-19 20:52:12,485][planning.adajepa][INFO] - AdaJEPA optimizer: predictor_lr=5.00e-04  encoder_lr=1.00e-05
[2026-09-19 20:52:12,587][planning.adajepa][INFO] - AdaJEPA step 1/1  pred_loss=0.006585
[2026-09-19 20:52:16,531][planning.adajepa][INFO] - AdaJEPA optimizer: predictor_lr=5.00e-04  encoder_lr=1.00e-05
[2026-09-19 20:52:16,636][planning.adajepa][INFO] - AdaJEPA step 1/1  pred_loss=0.005606
[2026-09-19 20:52:20,603][planning.adajepa][INFO] - AdaJEPA optimizer: predictor_lr=5.00e-04  encoder_lr=1.00e-05
[2026-09-19 20:52:20,653][planning.adajepa][INFO] - AdaJEPA step 1/1  pred_loss=0.006288
[2026-09-19 20:52:24,668][planning.adajepa][INFO] - AdaJEPA optimizer: predictor_lr=5.00e-04  encoder_lr=1.00e-05
[2026-09-19 20:52:24,720][planning.adajepa][INFO] - AdaJEPA step 1/1  pred_loss=0.006049
[2026-09-19 20:52:28,724][planning.adajepa][INFO] - AdaJEPA optimizer: predictor_lr=5.00e-04  encoder_lr=1.00e-05
[2026-09-19 20:52:28,766][planning.adajepa][INFO] - AdaJEPA step 1/1  pred_loss=0.006249
[2026-09-19 20:52:32,875][planning.adajepa][INFO] - AdaJEPA optimizer: predictor_lr=5.00e-04  encoder_lr=1.00e-05
[2026-09-19 20:52:32,922][planning.adajepa][INFO] - AdaJEPA step 1/1  pred_loss=0.006022
[2026-09-19 20:52:36,949][planning.adajepa][INFO] - AdaJEPA optimizer: predictor_lr=5.00e-04  encoder_lr=1.00e-05
[2026-09-19 20:52:36,986][planning.adajepa][INFO] - AdaJEPA step 1/1  pred_loss=0.005447
[2026-09-19 20:52:40,999][planning.adajepa][INFO] - AdaJEPA optimizer: predictor_lr=5.00e-04  encoder_lr=1.00e-05
[2026-09-19 20:52:41,058][planning.adajepa][INFO] - AdaJEPA step 1/1  pred_loss=0.004465
