[2026-09-19 21:12:43,722][plan][INFO] - Planning result saved dir: D:\EV-TTT\adajepa_official_51d8665\artifacts\engineering\instrumented_on_max_iter1\hydra
[2026-09-19 21:13:00,704][plan][INFO] - Planning result saved dir: D:\EV-TTT\adajepa_official_51d8665\artifacts\engineering\instrumented_on_max_iter1\hydra
[2026-09-19 21:13:01,316][dinov2][INFO] - using MLP layer as FFN
[2026-09-19 21:13:01,636][models.dino][WARNING] - Unknown projector 'none' for patch tokens; proceeding without projector.
[2026-09-19 21:13:02,020][models.visual_world_model][INFO] - num_action_repeat: 1
[2026-09-19 21:13:02,020][models.visual_world_model][INFO] - num_proprio_repeat: 1
[2026-09-19 21:13:02,020][models.visual_world_model][INFO] - proprio encoder: ProprioceptiveEmbedding(
  (patch_embed): Conv1d(4, 10, kernel_size=(1,), stride=(1,))
  (norm): LayerNorm((10,), eps=1e-05, elementwise_affine=True)
)
[2026-09-19 21:13:02,020][models.visual_world_model][INFO] - action encoder: ProprioceptiveEmbedding(
  (patch_embed): Conv1d(10, 10, kernel_size=(1,), stride=(1,))
  (norm): LayerNorm((10,), eps=1e-05, elementwise_affine=True)
)
[2026-09-19 21:13:02,021][models.visual_world_model][INFO] - proprio_dim: 10, after repeat: 10
[2026-09-19 21:13:02,021][models.visual_world_model][INFO] - action_dim: 10, after repeat: 10
[2026-09-19 21:13:02,021][models.visual_world_model][INFO] - emb_dim: 404
[2026-09-19 21:13:02,021][models.visual_world_model][INFO] - Straightening disabled
[2026-09-19 21:13:02,021][models.visual_world_model][INFO] - Stop-grad enabled: True
[2026-09-19 21:13:02,021][models.visual_world_model][INFO] - VCReg enabled: False, apply_to=enc, std_coeff=0.0, cov_coeff=0.0
[2026-09-19 21:13:02,021][models.visual_world_model][INFO] - Model emb_dim: 404
[2026-09-19 21:13:04,130][planning.adajepa][INFO] - AdaJEPA predictor adaptation restricted to last transformer layer (13 tensors).
[2026-09-19 21:13:04,130][planning.adajepa][INFO] - AdaJEPA encoder adaptation restricted to last submodule 'projection' (6 tensors).
[2026-09-19 21:13:11,486][planning.adajepa][INFO] - AdaJEPA optimizer: predictor_lr=5.00e-04  encoder_lr=1.00e-05
[2026-09-19 21:13:11,518][planning.adajepa][INFO] - AdaJEPA step 1/1  pred_loss=0.006579
